Radek
dodane
dodane
dodane
dośdane
dośćńdane
